Analyzing ironbook_gm...

  error - lib\screens\auth\forgot_password_screen.dart:57:34 - The getter 'background' isn't defined for the type 'AppColors'. Try importing the library that defines 'background', correcting the name to the name of an existing getter, or defining a getter or field named 'background'. - undefined_getter
  error - lib\screens\auth\forgot_password_screen.dart:120:34 - The getter 'background' isn't defined for the type 'AppColors'. Try importing the library that defines 'background', correcting the name to the name of an existing getter, or defining a getter or field named 'background'. - undefined_getter
  error - lib\screens\auth\login_screen.dart:50:34 - The getter 'background' isn't defined for the type 'AppColors'. Try importing the library that defines 'background', correcting the name to the name of an existing getter, or defining a getter or field named 'background'. - undefined_getter
  error - lib\screens\auth\onboarding_screen.dart:41:34 - The getter 'background' isn't defined for the type 'AppColors'. Try importing the library that defines 'background', correcting the name to the name of an existing getter, or defining a getter or field named 'background'. - undefined_getter
  error - lib\screens\auth\pin_entry_screen.dart:118:34 - The getter 'background' isn't defined for the type 'AppColors'. Try importing the library that defines 'background', correcting the name to the name of an existing getter, or defining a getter or field named 'background'. - undefined_getter
  error - lib\screens\auth\pin_entry_screen.dart:138:96 - The named parameter 'marginBottom' isn't defined. Try correcting the name to an existing named parameter's name, or defining a named parameter with the name 'marginBottom'. - undefined_named_parameter
  error - lib\screens\auth\pin_setup_screen.dart:95:34 - The getter 'background' isn't defined for the type 'AppColors'. Try importing the library that defines 'background', correcting the name to the name of an existing getter, or defining a getter or field named 'background'. - undefined_getter
  error - lib\screens\auth\signup_screen.dart:66:34 - The getter 'background' isn't defined for the type 'AppColors'. Try importing the library that defines 'background', correcting the name to the name of an existing getter, or defining a getter or field named 'background'. - undefined_getter
  error - lib\screens\auth\splash_screen.dart:10:34 - The getter 'background' isn't defined for the type 'AppColors'. Try importing the library that defines 'background', correcting the name to the name of an existing getter, or defining a getter or field named 'background'. - undefined_getter
  error - lib\screens\auth\splash_screen.dart:57:26 - The getter 'card' isn't defined for the type 'AppColors'. Try importing the library that defines 'card', correcting the name to the name of an existing getter, or defining a getter or field named 'card'. - undefined_getter
  error - lib\screens\settings_screen.dart:83:154 - Conditions must have a static type of 'bool'. Try changing the condition. - non_bool_condition
  error - lib\widgets\auth_text_field.dart:57:36 - The getter 'card' isn't defined for the type 'AppColors'. Try importing the library that defines 'card', correcting the name to the name of an existing getter, or defining a getter or field named 'card'. - undefined_getter
  error - lib\widgets\pin_keypad.dart:99:28 - The getter 'card' isn't defined for the type 'AppColors'. Try importing the library that defines 'card', correcting the name to the name of an existing getter, or defining a getter or field named 'card'. - undefined_getter
warning - lib\core\router.dart:1:8 - Unused import: 'package:flutter/material.dart'. Try removing the import directive. - unused_import
warning - lib\providers\auth_provider.dart:96:13 - The value of the local variable 'cred' isn't used. Try removing the variable or using it. - unused_local_variable
warning - lib\screens\settings_screen.dart:83:229 - The '!' will have no effect because the receiver can't be null. Try removing the '!' operator. - unnecessary_non_null_assertion
   info - lib\core\theme.dart:33:7 - 'background' is deprecated and shouldn't be used. Use surface instead. This feature was deprecated after v3.18.0-0.1.pre. Try replacing the use of the deprecated member with the replacement. - deprecated_member_use
   info - lib\screens\auth\forgot_password_screen.dart:69:42 - 'withOpacity' is deprecated and shouldn't be used. Use .withValues() to avoid precision loss. Try replacing the use of the deprecated member with the replacement. - deprecated_member_use
   info - lib\screens\auth\forgot_password_screen.dart:152:42 - 'withOpacity' is deprecated and shouldn't be used. Use .withValues() to avoid precision loss. Try replacing the use of the deprecated member with the replacement. - deprecated_member_use
   info - lib\screens\auth\forgot_password_screen.dart:153:61 - 'withOpacity' is deprecated and shouldn't be used. Use .withValues() to avoid precision loss. Try replacing the use of the deprecated member with the replacement. - deprecated_member_use
   info - lib\screens\auth\forgot_password_screen.dart:173:63 - 'withOpacity' is deprecated and shouldn't be used. Use .withValues() to avoid precision loss. Try replacing the use of the deprecated member with the replacement. - deprecated_member_use
   info - lib\screens\auth\login_screen.dart:98:44 - 'withOpacity' is deprecated and shouldn't be used. Use .withValues() to avoid precision loss. Try replacing the use of the deprecated member with the replacement. - deprecated_member_use
   info - lib\screens\auth\login_screen.dart:99:63 - 'withOpacity' is deprecated and shouldn't be used. Use .withValues() to avoid precision loss. Try replacing the use of the deprecated member with the replacement. - deprecated_member_use
   info - lib\screens\auth\login_screen.dart:139:65 - 'withOpacity' is deprecated and shouldn't be used. Use .withValues() to avoid precision loss. Try replacing the use of the deprecated member with the replacement. - deprecated_member_use
   info - lib\screens\auth\onboarding_screen.dart:61:62 - 'withOpacity' is deprecated and shouldn't be used. Use .withValues() to avoid precision loss. Try replacing the use of the deprecated member with the replacement. - deprecated_member_use
   info - lib\screens\auth\pin_setup_screen.dart:180:39 - 'withOpacity' is deprecated and shouldn't be used. Use .withValues() to avoid precision loss. Try replacing the use of the deprecated member with the replacement. - deprecated_member_use
   info - lib\screens\auth\signup_screen.dart:104:42 - 'withOpacity' is deprecated and shouldn't be used. Use .withValues() to avoid precision loss. Try replacing the use of the deprecated member with the replacement. - deprecated_member_use
   info - lib\screens\auth\signup_screen.dart:105:61 - 'withOpacity' is deprecated and shouldn't be used. Use .withValues() to avoid precision loss. Try replacing the use of the deprecated member with the replacement. - deprecated_member_use
   info - lib\screens\auth\signup_screen.dart:125:63 - 'withOpacity' is deprecated and shouldn't be used. Use .withValues() to avoid precision loss. Try replacing the use of the deprecated member with the replacement. - deprecated_member_use
   info - lib\screens\auth\splash_screen.dart:42:53 - 'withOpacity' is deprecated and shouldn't be used. Use .withValues() to avoid precision loss. Try replacing the use of the deprecated member with the replacement. - deprecated_member_use
   info - lib\screens\dashboard_screen.dart:297:24 - 'withOpacity' is deprecated and shouldn't be used. Use .withValues() to avoid precision loss. Try replacing the use of the deprecated member with the replacement. - deprecated_member_use
   info - lib\screens\dashboard_screen.dart:299:43 - 'withOpacity' is deprecated and shouldn't be used. Use .withValues() to avoid precision loss. Try replacing the use of the deprecated member with the replacement. - deprecated_member_use
   info - lib\screens\dashboard_screen.dart:341:54 - 'withOpacity' is deprecated and shouldn't be used. Use .withValues() to avoid precision loss. Try replacing the use of the deprecated member with the replacement. - deprecated_member_use
   info - lib\screens\dashboard_screen.dart:386:11 - Use 'const' with the constructor to improve performance. Try adding the 'const' keyword to the constructor invocation. - prefer_const_constructors
   info - lib\screens\dashboard_screen.dart:388:23 - Use 'const' literals as arguments to constructors of '@immutable' classes. Try adding 'const' before the literal. - prefer_const_literals_to_create_immutables
   info - lib\screens\dashboard_screen.dart:401:17 - Use 'const' with the constructor to improve performance. Try adding the 'const' keyword to the constructor invocation. - prefer_const_constructors
   info - lib\screens\dashboard_screen.dart:402:17 - Use 'const' with the constructor to improve performance. Try adding the 'const' keyword to the constructor invocation. - prefer_const_constructors
   info - lib\screens\dashboard_screen.dart:403:17 - Use 'const' with the constructor to improve performance. Try adding the 'const' keyword to the constructor invocation. - prefer_const_constructors
   info - lib\screens\dashboard_screen.dart:404:17 - Use 'const' with the constructor to improve performance. Try adding the 'const' keyword to the constructor invocation. - prefer_const_constructors
   info - lib\screens\dashboard_screen.dart:405:17 - Use 'const' with the constructor to improve performance. Try adding the 'const' keyword to the constructor invocation. - prefer_const_constructors
   info - lib\screens\dashboard_screen.dart:406:17 - Use 'const' with the constructor to improve performance. Try adding the 'const' keyword to the constructor invocation. - prefer_const_constructors
   info - lib\screens\dashboard_screen.dart:407:17 - Use 'const' with the constructor to improve performance. Try adding the 'const' keyword to the constructor invocation. - prefer_const_constructors
   info - lib\screens\invoice_screen.dart:82:65 - 'withOpacity' is deprecated and shouldn't be used. Use .withValues() to avoid precision loss. Try replacing the use of the deprecated member with the replacement. - deprecated_member_use
   info - lib\screens\invoice_screen.dart:95:38 - Unnecessary use of string interpolation. Try replacing the string literal with the variable name. - unnecessary_string_interpolations
   info - lib\screens\invoice_screen.dart:147:80 - 'withOpacity' is deprecated and shouldn't be used. Use .withValues() to avoid precision loss. Try replacing the use of the deprecated member with the replacement. - deprecated_member_use
   info - lib\screens\member_detail_screen.dart:52:84 - 'withOpacity' is deprecated and shouldn't be used. Use .withValues() to avoid precision loss. Try replacing the use of the deprecated member with the replacement. - deprecated_member_use
   info - lib\screens\member_detail_screen.dart:53:87 - 'withOpacity' is deprecated and shouldn't be used. Use .withValues() to avoid precision loss. Try replacing the use of the deprecated member with the replacement. - deprecated_member_use
   info - lib\screens\member_detail_screen.dart:53:123 - 'withOpacity' is deprecated and shouldn't be used. Use .withValues() to avoid precision loss. Try replacing the use of the deprecated member with the replacement. - deprecated_member_use
   info - lib\screens\member_detail_screen.dart:139:81 - 'withOpacity' is deprecated and shouldn't be used. Use .withValues() to avoid precision loss. Try replacing the use of the deprecated member with the replacement. - deprecated_member_use
   info - lib\screens\members_screen.dart:157:92 - 'withOpacity' is deprecated and shouldn't be used. Use .withValues() to avoid precision loss. Try replacing the use of the deprecated member with the replacement. - deprecated_member_use
   info - lib\screens\members_screen.dart:158:95 - 'withOpacity' is deprecated and shouldn't be used. Use .withValues() to avoid precision loss. Try replacing the use of the deprecated member with the replacement. - deprecated_member_use
   info - lib\screens\members_screen.dart:158:131 - 'withOpacity' is deprecated and shouldn't be used. Use .withValues() to avoid precision loss. Try replacing the use of the deprecated member with the replacement. - deprecated_member_use
   info - lib\screens\quick_add_screen.dart:96:59 - 'withOpacity' is deprecated and shouldn't be used. Use .withValues() to avoid precision loss. Try replacing the use of the deprecated member with the replacement. - deprecated_member_use
   info - lib\screens\quick_add_screen.dart:110:71 - 'withOpacity' is deprecated and shouldn't be used. Use .withValues() to avoid precision loss. Try replacing the use of the deprecated member with the replacement. - deprecated_member_use
   info - lib\screens\quick_add_screen.dart:110:133 - 'withOpacity' is deprecated and shouldn't be used. Use .withValues() to avoid precision loss. Try replacing the use of the deprecated member with the replacement. - deprecated_member_use
   info - lib\screens\quick_add_screen.dart:120:70 - 'withOpacity' is deprecated and shouldn't be used. Use .withValues() to avoid precision loss. Try replacing the use of the deprecated member with the replacement. - deprecated_member_use
   info - lib\screens\quick_add_screen.dart:140:78 - 'withOpacity' is deprecated and shouldn't be used. Use .withValues() to avoid precision loss. Try replacing the use of the deprecated member with the replacement. - deprecated_member_use
   info - lib\screens\settings_screen.dart:139:93 - 'withOpacity' is deprecated and shouldn't be used. Use .withValues() to avoid precision loss. Try replacing the use of the deprecated member with the replacement. - deprecated_member_use
   info - lib\screens\settings_screen.dart:139:125 - 'withOpacity' is deprecated and shouldn't be used. Use .withValues() to avoid precision loss. Try replacing the use of the deprecated member with the replacement. - deprecated_member_use
   info - lib\widgets\auth_text_field.dart:54:40 - 'withOpacity' is deprecated and shouldn't be used. Use .withValues() to avoid precision loss. Try replacing the use of the deprecated member with the replacement. - deprecated_member_use
   info - lib\widgets\pin_keypad.dart:49:33 - 'withOpacity' is deprecated and shouldn't be used. Use .withValues() to avoid precision loss. Try replacing the use of the deprecated member with the replacement. - deprecated_member_use
   info - lib\widgets\status_badge.dart:22:22 - 'withOpacity' is deprecated and shouldn't be used. Use .withValues() to avoid precision loss. Try replacing the use of the deprecated member with the replacement. - deprecated_member_use

62 issues found.
